// Jest Snapshot v1, https://goo.gl/fbAQLP

exports[`Cell borders should match the snapshot 1`] = `
<StylesProvider
  injectFirst={true}
>
  <WithStyles(ForwardRef(Button))
    className="sudokuCell
        
        
        boxBoundaryLeft
        boxBoundaryTop
        
        "
    variant="outlined"
  />
</StylesProvider>
`;
